◇ injected env (7) from .env.local // tip: ⌘ override existing { override: true }
Processing role: software-engineer
  Question 1/15
  Question 2/15
  Error generating for Q2 fetch failed
  Question 3/15
  Question 4/15
  Question 5/15
  Question 6/15
  Question 7/15
  Question 8/15
  Question 9/15
  Question 10/15
  Question 11/15
  Question 12/15
  Question 13/15
  Question 14/15
  Question 15/15
Processing role: ui-ux-designer
  Question 1/15
  Question 2/15
  Question 3/15
  Question 4/15
  Question 5/15
  Question 6/15
  Question 7/15
